
ANY_ITEM				-1
ANY_SCENE				-1
SCRIPT_NONE				-1

ZERO_CHANNEL				0

INTERUPT_MUSIC				0
DO_NOT_INTERUPT_MUSIC			1

DO_NOT_RESUME_WALKING			0
RESUME_WALKING				1

ITEM_ON_HOTSPOT_SCRIPT			1
SIMPLE_SCRIPT				2
STARTUP_SCRIPT				3
SCENE_START_SCRIPT			4
ITEM_ON_ITEM_SCRIPT			5

YES					1
NO					0

LINEAR_TRANSFORMATION			1
SPLINE_TRANSFORMATION			2

QUESTION_MODE_FIRST			0
QUESTION_MODE_CYCLE			1
QUESTION_MODE_RANDOM			2

ANSWER_MODE_FIRST			0
ANSWER_MODE_CYCLE			1
ANSWER_MODE_RANDOM			2

ANSWER_ENABLED	1
ANSWER_DISABLED	0

ACTION_DO_NOTHING 			0
ACTION_ADD_INVENTORY_ITEM 		1
ACTION_REMOVE_INVENTORY_ITEM 		2
ACTION_START_DIALOGUE 			3
ACTION_CHANGE_HOTSPOT_ANIMATION 	4
ACTION_DISPLAY_TEXT_STRING 		5
ACTION_SHOW_HOTSPOT 			6
ACTION_HIDE_HOTSPOT 			7
ACTION_START_NEW_SCENE 			8
ACTION_MOVE_CHARACTER 			9
ACTION_SET_CHARACTER_COORDINATES 	10
ACTION_ENABLE_USER_INPUT 		11
ACTION_DISABLE_USER_INPUT 		12
ACTION_SET_STATE 			13
ACTION_EXECUTE_SCRIPT_IF 		14
ACTION_STOP_SCRIPT_IF 			15
ACTION_STOP_SCRIPT_IFNOT 		16
ACTION_PLAY_CHARACTER_ANIMATION 	17
ACTION_SET_CHARACTER_DIRECTION 		18
ACTION_ENABLE_DIALOG_ANSWER 		19
ACTION_DISABLE_DIALOG_ANSWER 		20
ACTION_PLAY_MUSIC 			21
ACTION_STOP_MUSIC 			22
ACTION_PAUSE_MUSIC 			23
ACTION_RESUME_MUSIC 			24
ACTION_START_SOUND 			25
ACTION_PLAY_SOUND 			26
ACTION_STOP_SOUND 			27
ACTION_WAIT_TIME 			28
ACTION_PLAY_HOTSPOT_ANIMATION 		29
ACTION_SET_CHARACTER_ANIMATION_SET 	30
ACTION_SHOW_CHARACTER 			31
ACTION_HIDE_CHARACTER 			32
ACTION_MAP_CHARACTER_ANIMATION 		33
ACTION_UNMAP_CHARACTER_ANIMATION 	34
ACTION_ENABLE_GRAPH_LINE 		35
ACTION_DISABLE_GRAPH_LINE 		36
ACTION_TRIGGER_INTERRUPT_SCRIPT 	37
ACTION_TRIGGER_RESUME_SCRIPT 		38
ACTION_UNTRIGGER_SCRIPT 		39
ACTION_UNTRIGGER_ALL_SCRIPTS 		40
ACTION_CHANGE_DIALOG_QUESTION 		41
ACTION_CHANGE_DIALOG_ANSWER 		42
ACTION_PLAY_VIDEO 			43
ACTION_DO_FADE 				44
ACTION_CROSSFADE_MUSIC 			45
ACTION_DO_FADE_RANDOM 			46
ACTION_SHOW_GAME_CREDITS 		47
ACTION_END_CURRENT_GAME 		48
ACTION_WAIT_HOTSPOT_ANIM_END 		49
ACTION_SET_HOTSPOT_DEPTH 		50
ACTION_WAIT_FOR_TRANSFORMATION_END	51
ACTION_SKIP_SCRIPT_ACTIONS 		52
ACTION_SAY_TEXT		 		53
ACTION_SAY_NPC_TEXT	 		54
ACTION_SET_EXECUTION_COUNT		55

SCENE_BAR_OUTSIDE			0
SCENE_SHOP_OUTSIDE			1
SCENE_BAR_PODJEZD			2
SCENE_KRESTS				3
SCENE_STREET				4
SCENE_SHOP_INSIDE			5
SCENE_EJA				6
SCENE_BAR_INSIDE			7
SCENE_FABRIKA				8
SCENE_FABRIKAS_IEEJA			9
SCENE_LAB				10
SCENE_GAITENIS				11
SCENE_DEGUSTEETAVA			12
SCENE_PRIEKSHTELPA1			13
SCENE_PRIEKSHTELPA2			14
SCENE_PRIEKSHTELPA3			15
SCENE_ATPUUTAS_TELPA			16
SCENE_WINE_CELLAR			17
SCENE_CELLAR_ENTRANCE			18
SCENE_VILLA				19
SCENE_FOREST				20
SCENE_SEA_SCAPE				21
SCENE_IZJUMINKA				22
SCENE_TRAM				23

SOUND_GLASS				1
SOUND_CAT				2
SOUND_PAPER				3
SOUND_CLICK				4
SOUND_METAL_BANG			5
SOUND_DOOR				6
SOUND_WATER				7
SOUND_VEMSHANA				8
SOUND_SPAINIS				9
SOUND_DURVIS				10
SOUND_DROPS				11
SOUND_BOOM				12
SOUND_KEY				13
SOUND_HIT1				14
SOUND_HIT2				15
SOUND_HIT3				16
SOUND_GAS				17
SOUND_KICK				18
SOUND_GLASS_BREAK			19
SOUND_GULP				20
SOUND_SNORT				21
SOUND_TAKE				22
SOUND_PUT				23
SOUND_SHPRICE				24
SOUND_DABL_BARK				25
SOUND_SWITCH				26
SOUND_CUT				27
SOUND_SUCK				28
SOUND_CREAK				29
SOUND_EEP				30
SOUND_BELL				31
SOUND_TAKE_FROM_NAIL			32
SOUND_HAMMER				33
SOUND_SAW				34
SOUND_SPADE				35

HOTSPOT_FABRIKA_TREE			101
HOTSPOT_FABRIKA_TV			102
HOTSPOT_FABRIKA_WATER			103
HOTSPOT_FABRIKA_POSTER			104
HOTSPOT_FABRIKA_STABS			105
HOTSPOT_FABRIKA_MISKASTE		106
HOTSPOT_FABRIKA_BENKJIS			107
HOTSPOT_FABRIKA_FABRIKA			108
HOTSPOT_FABRIKA_KAUSS			109
HOTSPOT_FABRIKA_LEAVE			110

HOTSPOT_FABRIKAS_IEEJA_STABS1		201
HOTSPOT_FABRIKAS_IEEJA_STABS2		202
HOTSPOT_FABRIKAS_IEEJA_JUMTS		203
HOTSPOT_FABRIKAS_IEEJA_LIEVENIS		204
HOTSPOT_FABRIKAS_IEEJA_PIIPJI		205
HOTSPOT_FABRIKAS_IEEJA_PLAAKSNE		206
HOTSPOT_FABRIKAS_IEEJA_PUTNI		207
HOTSPOT_FABRIKAS_IEEJA_KASTE		208
HOTSPOT_FABRIKAS_IEEJA_LOGS		209
HOTSPOT_FABRIKAS_IEEJA_DURVIS		210
HOTSPOT_FABRIKAS_IEEJA_LAMPA		211
HOTSPOT_FABRIKAS_IEEJA_SPAINIS1		212
HOTSPOT_FABRIKAS_IEEJA_SPAINIS2		213
HOTSPOT_FABRIKAS_IEEJA_LEAVE		214

HOTSPOT_LAB_LIGHT			301
HOTSPOT_LAB_SMOKE			302
HOTSPOT_LAB_DARBAGALDS			303
HOTSPOT_LAB_ACID			304
HOTSPOT_LAB_LOCKERS			305
HOTSPOT_LAB_SPAINIS			306
HOTSPOT_LAB_TRUBAS			307
HOTSPOT_LAB_LOGS			308
HOTSPOT_LAB_LAMPA			309
HOTSPOT_LAB_SPIRTS			310
HOTSPOT_LAB_SKAPIS			311
HOTSPOT_LAB_UZSUUCEEJS			312
HOTSPOT_LAB_IZLIETNE			313
HOTSPOT_LAB_AUGS			314
HOTSPOT_LAB_GALDS			315
HOTSPOT_LAB_PLIITS			316
HOTSPOT_LAB_DURVIS			317
HOTSPOT_LAB_LAPELES			318
HOTSPOT_LAB_MIGALKA			319
HOTSPOT_LAB_PILE			320
HOTSPOT_LAB_DYNAMITE			321
HOTSPOT_LAB_EXPLOSION			322
HOTSPOT_LAB_KEY				323

HOTSPOT_GAITENIS_SIENA1			401
HOTSPOT_GAITENIS_SIENA2			402
HOTSPOT_GAITENIS_SIENA3			403
HOTSPOT_GAITENIS_DURVIS1		404
HOTSPOT_GAITENIS_DURVIS2		405
HOTSPOT_GAITENIS_DURVIS3		406
HOTSPOT_GAITENIS_DURVIS4		407
HOTSPOT_GAITENIS_DURVIS5		408
HOTSPOT_GAITENIS_EXPLOSION		409
HOTSPOT_GAITENIS_FOLIJA			410
HOTSPOT_GAITENIS_ELECTRO		411
HOTSPOT_GAITENIS_GRATE			412

HOTSPOT_BAR_OUTSIDE_BUILDING		1
HOTSPOT_BAR_OUTSIDE_DOORS		2
HOTSPOT_BAR_OUTSIDE_TO_SHOP		3
HOTSPOT_BAR_OUTSIDE_CAT			8
HOTSPOT_BAR_OUTSIDE_TABLES		9
HOTSPOT_BAR_OUTSIDE_TO_PODJEZD          12
HOTSPOT_BAR_OUTSIDE_TO_TRAIN		78

HOTSPOT_BAR_INSIDE_FAN			50
HOTSPOT_BAR_INSIDE_LETE			51
HOTSPOT_BAR_INSIDE_WATER		52
HOTSPOT_BAR_INSIDE_KREESLS1		53
HOTSPOT_BAR_INSIDE_KREESLS2             54
HOTSPOT_BAR_INSIDE_KREESLS3             55
HOTSPOT_BAR_INSIDE_KREESLS4             56
HOTSPOT_BAR_INSIDE_KREESLS5             57
HOTSPOT_BAR_INSIDE_BACK_FRAME		58
HOTSPOT_BAR_INSIDE_BACK_WATER           59
HOTSPOT_BAR_INSIDE_FRONT_FRAME          60
HOTSPOT_BAR_INSIDE_FRONT_WATER          61
HOTSPOT_BAR_INSIDE_MIDDLE_WATER         62
HOTSPOT_BAR_INSIDE_WALL                 63
HOTSPOT_BAR_INSIDE_PUMPIS               64
HOTSPOT_BAR_INSIDE_PUDELES              65
HOTSPOT_BAR_INSIDE_SINK                 66
HOTSPOT_BAR_INSIDE_GLAAZES              67
HOTSPOT_BAR_INSIDE_ASHTRAY              68
HOTSPOT_BAR_INSIDE_MENU                 69
HOTSPOT_BAR_INSIDE_BOTTLE               70
HOTSPOT_BAR_INSIDE_BARMAN               71
HOTSPOT_BAR_INSIDE_WATER_POUR           72
HOTSPOT_BAR_INSIDE_DOORS                75
HOTSPOT_BAR_INSIDE_PACK                 80

HOTSPOT_EJA_KAAJAS			41
HOTSPOT_EJA_KAKIZ                       43
HOTSPOT_EJA_LAMPA                       48
HOTSPOT_EJA_LEAVE                       49
HOTSPOT_EJA_PASTKASTE                   45
HOTSPOT_EJA_PLAKAATS                    47
HOTSPOT_EJA_TRUBA                       44
HOTSPOT_EJA_VEEMAS                      46
HOTSPOT_EJA_VESHA                       42
HOTSPOT_EJA_WALL                        40

HOTSPOT_KRESTS_TO_SHOP			22
HOTSPOT_KRESTS_TO_STREET                23
HOTSPOT_KRESTS_LAMP                     19
HOTSPOT_KRESTS_CAUREJA                  24
HOTSPOT_KRESTS_WALL1                    20
HOTSPOT_KRESTS_WALL2                    21

HOTSPOT_PODJEZD_LEAVE			15
HOTSPOT_PODJEZD_BROOM                   18
HOTSPOT_PODJEZD_CAR                     13
HOTSPOT_PODJEZD_ELECTRIC                17
HOTSPOT_PODJEZD_GRANJONKA               16
HOTSPOT_PODJEZD_MAN                     14
HOTSPOT_PODJEZD_DOORS                   74

HOTSPOT_SHOP_INSIDE_LEAVE		31
HOTSPOT_SHOP_INSIDE_BELASH              39
HOTSPOT_SHOP_INSIDE_BOTTLES             35
HOTSPOT_SHOP_INSIDE_WATER               34
HOTSPOT_SHOP_INSIDE_VEGETABLES          38
HOTSPOT_SHOP_INSIDE_SPIDER              37
HOTSPOT_SHOP_INSIDE_PORNO               36
HOTSPOT_SHOP_INSIDE_POISON              32
HOTSPOT_SHOP_INSIDE_FLYPAPER            33
HOTSPOT_SHOP_INSIDE_TANTUKS             76
HOTSPOT_SHOP_INSIDE_PACK                77

HOTSPOT_SHOP_OUTSIDE_DOORS		30
HOTSPOT_SHOP_OUTSIDE_EDEN               6
HOTSPOT_SHOP_OUTSIDE_LAPELE             7
HOTSPOT_SHOP_OUTSIDE_MUSOR              10
HOTSPOT_SHOP_OUTSIDE_GO_IN              11
HOTSPOT_SHOP_OUTSIDE_TO_BAR             4
HOTSPOT_SHOP_OUTSIDE_TO_KRESTS          5

HOTSPOT_STREET_TO_START			27
HOTSPOT_STREET_MUSOR                    25
HOTSPOT_STREET_SHIT                     26
HOTSPOT_STREET_EYES                     73

HOTSPOT_DEGUSTEETAVA_LEAVE		501
HOTSPOT_DEGUSTEETAVA_GALDS		502
HOTSPOT_DEGUSTEETAVA_KOIKA		503
HOTSPOT_DEGUSTEETAVA_PAPER		504
HOTSPOT_DEGUSTEETAVA_STANGAS		505

HOTSPOT_PRIEKSHTELPA_TALK		601
HOTSPOT_PRIEKSHTELPA_SIENA1		602
HOTSPOT_PRIEKSHTELPA_SIENA2		603
HOTSPOT_PRIEKSHTELPA_CEPURE		604
HOTSPOT_PRIEKSHTELPA_DURVIS1		605
HOTSPOT_PRIEKSHTELPA_DURVIS2		606
HOTSPOT_PRIEKSHTELPA_GRATE		607
HOTSPOT_PRIEKSHTELPA_KAKTS		608
HOTSPOT_PRIEKSHTELPA_LOCK		609
HOTSPOT_PRIEKSHTELPA_SISTS1		610
HOTSPOT_PRIEKSHTELPA_SISTS2		611
HOTSPOT_PRIEKSHTELPA_BLACK		612
HOTSPOT_PRIEKSHTELPA_OTHER		613

HOTSPOT_ATPUUTAS_TELPA_KREESLS1		701
HOTSPOT_ATPUUTAS_TELPA_KREESLS2		702
HOTSPOT_ATPUUTAS_TELPA_KREESLS3		703
HOTSPOT_ATPUUTAS_TELPA_LAMPA		704
HOTSPOT_ATPUUTAS_TELPA_ZIVS		705
HOTSPOT_ATPUUTAS_TELPA_TV		706
HOTSPOT_ATPUUTAS_TELPA_MAN		707
HOTSPOT_ATPUUTAS_TELPA_SIENA		708
HOTSPOT_ATPUUTAS_TELPA_BOOKSHELF	709
HOTSPOT_ATPUUTAS_TELPA_DURVIS		710
HOTSPOT_ATPUUTAS_TELPA_STENDERE		711
HOTSPOT_ATPUUTAS_TELPA_WATER		712
HOTSPOT_ATPUUTAS_TELPA_BLACK		713

HOTSPOT_WINE_CELLAR_BLACK		801
HOTSPOT_WINE_CELLAR_AKA			802
HOTSPOT_WINE_CELLAR_ARKA		803
HOTSPOT_WINE_CELLAR_GALDS		804
HOTSPOT_WINE_CELLAR_KREESLS1		805
HOTSPOT_WINE_CELLAR_KREESLS2		806
HOTSPOT_WINE_CELLAR_LOGI		807
HOTSPOT_WINE_CELLAR_MUCAS		808
HOTSPOT_WINE_CELLAR_PLAUKTS		809
HOTSPOT_WINE_CELLAR_PUDELES1		810
HOTSPOT_WINE_CELLAR_PUDELES2		811
HOTSPOT_WINE_CELLAR_PUDELES3		812
HOTSPOT_WINE_CELLAR_PUDELES4		813
HOTSPOT_WINE_CELLAR_SIJAS		814
HOTSPOT_WINE_CELLAR_SPULDZES		815
HOTSPOT_WINE_CELLAR_VADI		816
HOTSPOT_WINE_CELLAR_VIINS		817
HOTSPOT_WINE_CELLAR_WEBS		818
HOTSPOT_WINE_CELLAR_LEAVE		819

HOTSPOT_CELLAR_ENTRANCE_ARKA		901
HOTSPOT_CELLAR_ENTRANCE_BALSTS		902
HOTSPOT_CELLAR_ENTRANCE_SIENA		903
HOTSPOT_CELLAR_ENTRANCE_AK47		904
HOTSPOT_CELLAR_ENTRANCE_BILDE		905
HOTSPOT_CELLAR_ENTRANCE_HAMMER		906
HOTSPOT_CELLAR_ENTRANCE_KASTE		907
HOTSPOT_CELLAR_ENTRANCE_PLAKAATS	908
HOTSPOT_CELLAR_ENTRANCE_PUDELES		909
HOTSPOT_CELLAR_ENTRANCE_SAW		910
HOTSPOT_CELLAR_ENTRANCE_IZEJA		911
HOTSPOT_CELLAR_ENTRANCE_BACK		912
HOTSPOT_CELLAR_ENTRANCE_BOTTLE		913

HOTSPOT_VILLA_ROZES1			1001
HOTSPOT_VILLA_ROZES2			1002
HOTSPOT_VILLA_ROZES3			1003
HOTSPOT_VILLA_SOLS			1004
HOTSPOT_VILLA_CELLAR_HOLE		1005
HOTSPOT_VILLA_DURVIS			1006
HOTSPOT_VILLA_CORNER			1007
HOTSPOT_VILLA_GATE			1008
HOTSPOT_VILLA_SPADE			1009
HOTSPOT_VILLA_FENCE			1010
HOTSPOT_VILLA_KAMERA			1011
HOTSPOT_VILLA_WINDOW			1012
HOTSPOT_VILLA_NEST			1013
HOTSPOT_VILLA_FENCE_OTHER		1014

HOTSPOT_FOREST_TO_VILLA			1101
HOTSPOT_FOREST_TO_END			1102
HOTSPOT_FOREST_SMALL1			1103
HOTSPOT_FOREST_SMALL2			1104
HOTSPOT_FOREST_MUSHROOM			1105
HOTSPOT_FOREST_BIG			1106

HOTSPOT_SEA_SCAPE_SEA			1201
HOTSPOT_SEA_SCAPE_TAIL			1202
HOTSPOT_SEA_SCAPE_BLACK			1203

HOTSPOT_IZJUMINKA_BLACK			1301

SCRIPT_STARTUP_SCRIPT			0000
SCRIPT_INTRO				0001
SCRIPT_NO_INTRO				0002
SCRIPT_ENDING				0003

SCRIPT_BAR_INSIDE_ENABLE 		0101
SCRIPT_BAR_INSIDE_DISABLE               0102
SCRIPT_BAR_INSIDE_FAN  			0103
SCRIPT_BAR_INSIDE_PUMPIS                0104
SCRIPT_BAR_INSIDE_AQUA                  0105
SCRIPT_BAR_INSIDE_PUDELES               0106
SCRIPT_BAR_INSIDE_SINK                  0107
SCRIPT_BAR_INSIDE_GLAAZES               0108
SCRIPT_BAR_INSIDE_ASHTRAY               0109
SCRIPT_BAR_INSIDE_MENU                  0110
SCRIPT_BAR_INSIDE_BOTTLE                0111
SCRIPT_BAR_INSIDE_FILL_BOTTLE           0112
SCRIPT_BAR_INSIDE_POUR_BOTTLE           0113
SCRIPT_BAR_INSIDE_LEAVE                 0114
SCRIPT_BAR_INSIDE_GIVE_PACK		0115
SCRIPT_BAR_INSIDE_TALK_BARMAN		0116
SCRIPT_BAR_INSIDE_SWITCH_TALK_ON	0117
SCRIPT_BAR_INSIDE_SWITCH_TALK_OFF	0118
SCRIPT_BAR_INSIDE_TURN_ON_TRAIN		0119
SCRIPT_BAR_INSIDE_MUSIC			0120

SCRIPT_BAR_OUTSIDE_KNOCK		0201
SCRIPT_BAR_OUTSIDE_UNKNOCK              0202
SCRIPT_BAR_OUTSIDE_TO_SHOP		0203
SCRIPT_BAR_OUTSIDE_TO_TUNEL             0204
SCRIPT_BAR_OUTSIDE_BUILDING		0205
SCRIPT_BAR_OUTSIDE_CAT                  0206
SCRIPT_BAR_OUTSIDE_TABLES               0207
SCRIPT_BAR_OUTSIDE_TALK_DOORS           0208
SCRIPT_BAR_OUTSIDE_TO_TRAIN		0209
SCRIPT_BAR_OUTSIDE_MUSIC		0210

SCRIPT_EJA_POUR_WATER			0301
SCRIPT_EJA_KAAJAS                       0302
SCRIPT_EJA_LAMPA                        0303
SCRIPT_EJA_PASTKASTE                    0304
SCRIPT_EJA_PLAKAATS                     0305
SCRIPT_EJA_TRUBA                        0306
SCRIPT_EJA_VEEMAS                       0307
SCRIPT_EJA_VESHA                        0308
SCRIPT_EJA_CAT                          0309
SCRIPT_EJA_LEAVE                        0310
SCRIPT_EJA_ADVERT                       0311
SCRIPT_EJA_MUSIC			0312

SCRIPT_KRESTS_POSTER			0401
SCRIPT_KRESTS_TURZA                     0402
SCRIPT_KRESTS_LAMP                      0403
SCRIPT_KRESTS_TO_CAUREJA                0404
SCRIPT_KRESTS_TO_SHOP                   0405
SCRIPT_KRESTS_TO_STREET                 0406
SCRIPT_KRESTS_MUSIC			0407

SCRIPT_PODJEZD_GIVE_GRANJONKA		0501
SCRIPT_PODJEZD_LEAVE                    0502
SCRIPT_PODJEZD_BEER                     0503
SCRIPT_PODJEZD_BROOM                    0504
SCRIPT_PODJEZD_ELECTRIC                 0505
SCRIPT_PODJEZD_TAKE_GRANJONKA           0506
SCRIPT_PODJEZD_SMOKE                    0507
SCRIPT_PODJEZD_STILL                    0508
SCRIPT_PODJEZD_TALKING                  0509
SCRIPT_PODJEZD_SMOKER                   0510
SCRIPT_PODJEZD_LAPELE                   0511
SCRIPT_PODJEZD_TO_BAR                   0512
SCRIPT_PODJEZD_SMOKE_TRIGGERER		0513
SCRIPT_PODJEZD_BLINK_ARROW		0514
SCRIPT_PODJEZD_MUSIC			0515
SCRIPT_PODJEZD_MUSIC_MAFIA		0516
SCRIPT_PODJEZD_MUSIC_NORMAL		0517
SCRIPT_PODJEZD_MUSIC_NORMAL		0517
SCRIPT_PODJEZD_ENABLE_VASJA_DIALOG 0518

SCRIPT_SHOP_INSIDE_LEAVE		0601
SCRIPT_SHOP_INSIDE_BOTTLE               0602
SCRIPT_SHOP_INSIDE_FLYPAPER             0603
SCRIPT_SHOP_INSIDE_POISON               0604
SCRIPT_SHOP_INSIDE_PORNO                0605
SCRIPT_SHOP_INSIDE_SPIDERWEB            0607
SCRIPT_SHOP_INSIDE_VEGETABLES           0608
SCRIPT_SHOP_INSIDE_BELASH               0609
SCRIPT_SHOP_INSIDE_GIVE_PELE            0610
SCRIPT_SHOP_INSIDE_TALK                 0611
SCRIPT_SHOP_INSIDE_SWITCH_TALK_ON       0612
SCRIPT_SHOP_INSIDE_SWITCH_TALK_OFF	0613
SCRIPT_SHOP_INSIDE_ABOUT_CIGAS		0614
SCRIPT_SHOP_INSIDE_MUSIC		0615
SCRIPT_SHOP_INSIDE_GIVE_PHOTO		0616
SCRIPT_SHOP_INSIDE_ENABLE_SMOKER_DIALOG	0617
SCRIPT_SHOP_INSIDE_ENABLE_VASJA		0618
SCRIPT_SHOP_INSIDE_ENABLE_PELE		0619

SCRIPT_SHOP_OUTSIDE_LAPELE   		0701
SCRIPT_SHOP_OUTSIDE_MUSOR               0702
SCRIPT_SHOP_OUTSIDE_TAKE_GRANJONKA      0703
SCRIPT_SHOP_OUTSIDE_PUT_GRANJONKA       0704
SCRIPT_SHOP_OUTSIDE_EDEN		0705
SCRIPT_SHOP_OUTSIDE_TO_BAR              0706
SCRIPT_SHOP_OUTSIDE_TO_INSIDE           0708
SCRIPT_SHOP_OUTSIDE_TO_STREET           0709
SCRIPT_SHOP_OUTSIDE_MUSIC		0710

SCRIPT_STREET_BELASH			0801
SCRIPT_STREET_PELE                      0802
SCRIPT_STREET_MUSOR                     0803
SCRIPT_STREET_SHIT                      0804
SCRIPT_STREET_LEAVE                     0805
SCRIPT_STREET_BELASH&SIKSNA		0806
SCRIPT_STREET_SIKSNA&BELASH		0807
SCRIPT_STREET_MUSIC			0808

SCRIPT_FABRIKA_TAKE_BOTTLE              0900
SCRIPT_FABRIKA_FILL_BOTTLE              0901
SCRIPT_FABRIKA_TREE	              	0902
SCRIPT_FABRIKA_TV	              	0903
SCRIPT_FABRIKA_STABS	              	0904
SCRIPT_FABRIKA_BENKJIS	              	0905
SCRIPT_FABRIKA_MISKASTE	              	0906
SCRIPT_FABRIKA_WATER	              	0907
SCRIPT_FABRIKA_FABRIKA	              	0908
SCRIPT_FABRIKA_KAUSS	              	0909
SCRIPT_FABRIKA_DRINK	              	0910
SCRIPT_FABRIKA_STOP_DRINK	        0911
SCRIPT_FABRIKA_POUR_BOTTLE	        0912
SCRIPT_FABRIKA_LEAVE			0913
SCRIPT_FABRIKA_MUSIC			0914

SCRIPT_FABRIKAS_IEEJA_DEEP		1001
SCRIPT_FABRIKAS_IEEJA_SHALLOW		1002
SCRIPT_FABRIKAS_IEEJA_JUMTS		1003
SCRIPT_FABRIKAS_IEEJA_STABS		1004
SCRIPT_FABRIKAS_IEEJA_PIIPJI		1005
SCRIPT_FABRIKAS_IEEJA_PLAAKSNE		1006
SCRIPT_FABRIKAS_IEEJA_PUTNI		1007
SCRIPT_FABRIKAS_IEEJA_KASTE		1008
SCRIPT_FABRIKAS_IEEJA_LAMPA		1009
SCRIPT_FABRIKAS_IEEJA_TAKE_SPAINIS	1010
SCRIPT_FABRIKAS_IEEJA_PUT_SPAINIS	1011
SCRIPT_FABRIKAS_IEEJA_SPAINIS		1012
SCRIPT_FABRIKAS_IEEJA_LOGS		1013
SCRIPT_FABRIKAS_IEEJA_DURVIS		1014
SCRIPT_FABRIKAS_IEEJA_LEAVE		1015
SCRIPT_FABRIKAS_IEEJA_MUSIC		1016

SCRIPT_LAB_DARBAGALDS			1101
SCRIPT_LAB_ACID				1102
SCRIPT_LAB_LOCKERS			1103
SCRIPT_LAB_SPAINIS			1104
SCRIPT_LAB_TRUBAS			1105
SCRIPT_LAB_LOGS				1106
SCRIPT_LAB_LAMPA			1107
SCRIPT_LAB_SPIRTS			1108
SCRIPT_LAB_SKAPIS			1109
SCRIPT_LAB_UZSUUCEEJS			1110
SCRIPT_LAB_IZLIETNE			1111
SCRIPT_LAB_AUGS				1112
SCRIPT_LAB_GALDS			1113
SCRIPT_LAB_PLIITS			1114
SCRIPT_LAB_DURVIS			1115
SCRIPT_LAB_LAPELES			1116
SCRIPT_LAB_MIGALKA			1117
SCRIPT_LAB_PILE				1118
SCRIPT_LAB_FILL_KOLBA			1119
SCRIPT_LAB_FILL_PLASTIC_SPRICE		1120
SCRIPT_LAB_FILL_GLASS_SPRICE		1121
SCRIPT_LAB_PLASTIC_ON_ACID		1122
SCRIPT_LAB_GLASS_ON_ACID		1123
SCRIPT_LAB_ACID_SPRICE_ON_KOLBA		1124
SCRIPT_LAB_MUSIC			1125
SCRIPT_LAB_BOTTLE_SINK			1126

SCRIPT_GAITENIS_TO_LAB			1201
SCRIPT_GAITENIS_UNKNOWN			1202
SCRIPT_GAITENIS_OUTSIDE			1203
SCRIPT_GAITENIS_ELECTRO			1204
SCRIPT_GAITENIS_TAKE_FOIL		1205
SCRIPT_GAITENIS_FOIL&SULFUR		1206
SCRIPT_GAITENIS_SULFUR&FOIL		1207
SCRIPT_GAITENIS_TO_DEGUSTEETAVA		1208
SCRIPT_GAITENIS_TO_PRIEKSHTELPA1	1209
SCRIPT_GAITENIS_TO_PRIEKSHTELPA2	1210
SCRIPT_GAITENIS_GRATE1			1211
SCRIPT_GAITENIS_GRATE2			1212
SCRIPT_GAITENIS_GRATE3			1213
SCRIPT_GAITENIS_SULFUR_ON_GRATE		1214
SCRIPT_GAITENIS_STINKBOMB_ON_GRATE	1215
SCRIPT_GAITENIS_SPRICE_ON_GRATE		1216
SCRIPT_GAITENIS_KOLBA_ON_GRATE		1217
SCRIPT_GAITENIS_MUSIC			1218

SCRIPT_DEGUSTEETAVA_LEAVE		1301
SCRIPT_DEGUSTEETAVA_GALDS		1302
SCRIPT_DEGUSTEETAVA_KOIKA		1303
SCRIPT_DEGUSTEETAVA_PAPER		1304
SCRIPT_DEGUSTEETAVA_STANGAS		1305
SCRIPT_DEGUSTEETAVA_PLASTIC		1306
SCRIPT_DEGUSTEETAVA_GLASS		1307
SCRIPT_DEGUSTEETAVA_MUSIC		1308

SCRIPT_PRIEKSHTELPA_LEAVE		1401
SCRIPT_PRIEKSHTELPA_CEPURE		1402
SCRIPT_PRIEKSHTELPA_GRATE		1403
SCRIPT_PRIEKSHTELPA_KAKTS		1404
SCRIPT_PRIEKSHTELPA_LOCK		1405
SCRIPT_PRIEKSHTELPA_SISTS1		1406
SCRIPT_PRIEKSHTELPA_SISTS2		1407
SCRIPT_PRIEKSHTELPA_DOOR		1408
SCRIPT_PRIEKSHTELPA_SPRICE_ON_LOCK	1409
SCRIPT_PRIEKSHTELPA_KICK_DOOR		1410
SCRIPT_PRIEKSHTELPA_ENTER_DOOR		1411
SCRIPT_PRIEKSHTELPA_ACID_ON_LOCK	1412
SCRIPT_PRIEKSHTELPA1_MUSIC		1413
SCRIPT_PRIEKSHTELPA2_MUSIC		1414
SCRIPT_PRIEKSHTELPA3_MUSIC		1415

SCRIPT_ATPUUTAS_TELPA_LEAVE1		1501
SCRIPT_ATPUUTAS_TELPA_LEAVE2		1502
SCRIPT_ATPUUTAS_TELPA_LEAVE3		1503
SCRIPT_ATPUUTAS_TELPA_LEAVE4		1504
SCRIPT_ATPUUTAS_TELPA_POUR		1505
SCRIPT_ATPUUTAS_TELPA_ZIVS		1506
SCRIPT_ATPUUTAS_TELPA_BOOKSHELF		1507
SCRIPT_ATPUUTAS_TELPA_BOOKSHELF_PRIM	1508
SCRIPT_ATPUUTAS_TELPA_TV		1509
SCRIPT_ATPUUTAS_TELPA_LAMPA		1510
SCRIPT_ATPUUTAS_TELPA_KREESLS1		1511
SCRIPT_ATPUUTAS_TELPA_KREESLS2		1512
SCRIPT_ATPUUTAS_TELPA_KREESLS3		1513
SCRIPT_ATPUUTAS_TELPA_ACID_KREESLS	1514
SCRIPT_ATPUUTAS_TELPA_ACID_ROKAS	1515
SCRIPT_ATPUUTAS_TELPA_BOTTLE_ROKAS	1516
SCRIPT_ATPUUTAS_TELPA_ROKAS		1517
SCRIPT_ATPUUTAS_TELPA_DIALOG		1518
SCRIPT_ATPUUTAS_TELPA_MUSIC		1519
SCRIPT_ATPUUTAS_TELPA_SHOW_PHOTO	1520
SCRIPT_ATPUUTAS_TELPA_SPAWN_BANDIT	1521
SCRIPT_ATPUUTAS_TELPA_BOTTLE_AQUA	1522

SCRIPT_WINE_CELLAR_AKA			1601
SCRIPT_WINE_CELLAR_ARKA			1602
SCRIPT_WINE_CELLAR_GALDS		1603
SCRIPT_WINE_CELLAR_KREESLS1		1604
SCRIPT_WINE_CELLAR_KREESLS2		1605
SCRIPT_WINE_CELLAR_LOGI			1606
SCRIPT_WINE_CELLAR_MUCAS		1607
SCRIPT_WINE_CELLAR_PLAUKTS		1608
SCRIPT_WINE_CELLAR_PUDELES1		1609
SCRIPT_WINE_CELLAR_PUDELES2		1610
SCRIPT_WINE_CELLAR_PUDELES3		1611
SCRIPT_WINE_CELLAR_PUDELES4		1612
SCRIPT_WINE_CELLAR_SIJAS		1613
SCRIPT_WINE_CELLAR_SPULDZES		1614
SCRIPT_WINE_CELLAR_VADI			1615
SCRIPT_WINE_CELLAR_VIINS		1616
SCRIPT_WINE_CELLAR_WEBS			1617
SCRIPT_WINE_CELLAR_BREAK_BOTTLE		1618
SCRIPT_WINE_CELLAR_FREE			1619
SCRIPT_WINE_CELLAR_DRINK		1620
SCRIPT_WINE_CELLAR_FILL_BOTTLE		1621
SCRIPT_WINE_CELLAR_LEAVE		1622
SCRIPT_WINE_CELLAR_MUSIC		1623
SCRIPT_WINE_CELLAR_BREAK_FULL_BOTTLE	1624
SCRIPT_WINE_CELLAR_BREAK_GENERIC_BOTTLE	1625

SCRIPT_CELLAR_ENTRANCE_ARKA		1701
SCRIPT_CELLAR_ENTRANCE_BALSTS		1702
SCRIPT_CELLAR_ENTRANCE_PUDELES		1703
SCRIPT_CELLAR_ENTRANCE_AK47		1704
SCRIPT_CELLAR_ENTRANCE_BILDE		1705
SCRIPT_CELLAR_ENTRANCE_PLAKAATS		1706
SCRIPT_CELLAR_ENTRANCE_BACK		1707
SCRIPT_CELLAR_ENTRANCE_MUSIC		1708
SCRIPT_CELLAR_ENTRANCE_IZEJA		1709
SCRIPT_CELLAR_ENTRANCE_KASTE		1710
SCRIPT_CELLAR_ENTRANCE_SAW_SPADE	1711
SCRIPT_CELLAR_ENTRANCE_HAMMER_SPADE	1712
SCRIPT_CELLAR_ENTRANCE_GET_HAMMER	1713
SCRIPT_CELLAR_ENTRANCE_GET_SAW		1714
SCRIPT_CELLAR_ENTRANCE_PRE_HAMMER	1715
SCRIPT_CELLAR_ENTRANCE_PRE_SAW		1716
SCRIPT_CELLAR_ENTRANCE_TAKE_OIL		1717

SCRIPT_VILLA_TO_CELLAR_ENTRANCE		1801
SCRIPT_VILLA_HOLE_WALL_ON		1802
SCRIPT_VILLA_HOLE_WALL_OFF		1803
SCRIPT_VILLA_MUSIC			1804
SCRIPT_VILLA_GATE			1805
SCRIPT_VILLA_GET_SPADE			1806
SCRIPT_VILLA_OPEN_GATE			1807
SCRIPT_VILLA_FENCE			1808
SCRIPT_VILLA_WINDOW			1809
SCRIPT_VILLA_SOLS			1810
SCRIPT_VILLA_NEST			1811
SCRIPT_VILLA_KAMERA			1812
SCRIPT_VILLA_DURVIS			1813
SCRIPT_VILLA_ROZES1			1814
SCRIPT_VILLA_ROZES2			1815
SCRIPT_VILLA_ROZES3			1816
SCRIPT_VILLA_SPADE_ON_GATE		1817
SCRIPT_VILLA_OTHER_SPADE_ON_GATE	1818
SCRIPT_VILLA_HAMMER_ON_GATE		1819
SCRIPT_VILLA_SAW_ON_GATE		1820
SCRIPT_VILLA_MUSIC			1821
SCRIPT_VILLA_OIL_GATE			1822
SCRIPT_VILLA_CLOSED			1823
SCRIPT_VILLA_HALF_OPEN			1824

SCRIPT_FOREST_TO_VILLA			1901
SCRIPT_FOREST_TO_END			1902
SCRIPT_FOREST_MUSHROOM			1903
SCRIPT_FOREST_SMALL1			1904
SCRIPT_FOREST_SMALL2			1905
SCRIPT_FOREST_BIG			1906
SCRIPT_FOREST_MUSIC			1907

DIALOG_BAR_OUTSIDE_DOORS                1
DIALOG_SHOP_INSIDE_TALK_NEW		2
DIALOG_PODJEZD_MAN_NEW			3
DIALOG_BAR_INSIDE_BARMAN		4
DIALOG_ATPUUTAS_TELPA_DIALOG		5
					
ITEM_CURSOR				1
ITEM_GRANJONKA				2
ITEM_SIKSNA				3
ITEM_BELASH				4
ITEM_BELASH&SIKSNA			5
ITEM_PELE				6
ITEM_ADVERC				7
ITEM_BOTTLE				8
ITEM_FULL_BOTTLE			9
ITEM_PACK				10
ITEM_SPAINIS				11
ITEM_ACID				12
ITEM_KOLBA				13
ITEM_PLASTIC_SPRICE			14
ITEM_GLASS_SPRICE			15
ITEM_ACID_SPRICE			16
ITEM_SULFUR				17
ITEM_FOLIJA				18
ITEM_FOLIJA&SULFUR			19
ITEM_BROKEN_BOTTLE			20
ITEM_WINE_BOTTLE			21
ITEM_SAW				22
ITEM_HAMMER				23
ITEM_DOG				24
ITEM_PHOTO				25
ITEM_SPADE				26
ITEM_SPADE_SAW				27
ITEM_SPADE_SHARP			28
ITEM_OIL				29

FIRST_CHARACTER_SET			1
SECOND_CHARACTER_SET			2
THIRD_CHARACTER_SET			3

CHARACTER_STAND				1
CHARACTER_WALK				2
CHARACTER_TALK				4

CHARACTER_090_HIGH_HAND_1		5
CHARACTER_090_HIGH_HAND_2		6
CHARACTER_090_MIDDLE_HAND_1		7
CHARACTER_090_MIDDLE_HAND_2		8
CHARACTER_090_KNOCK			9
CHARACTER_SPIN				10
CHARACTER_045_MIDDLE_HAND_1		11
CHARACTER_045_MIDDLE_HAND_2		12
CHARACTER_270_COMBINE_1			13
CHARACTER_270_COMBINE_2			14
CHARACTER_270_COMBINE_3			15
CHARACTER_045_MIDDLE_PULL_1		16
CHARACTER_045_MIDDLE_PULL_2		17
CHARACTER_045_MIDDLE_PULL_3		18
CHARACTER_135_MIDDLE_PUSH_1		19
CHARACTER_135_MIDDLE_PUSH_2		20
CHARACTER_000_LOW_HAND_1		21
CHARACTER_000_LOW_HAND_2		22
CHARACTER_315_POUR_1			23
CHARACTER_315_POUR_2			24
CHARACTER_315_POUR_3			25
CHARACTER_135_MIDDLE_HAND_1		26
CHARACTER_135_MIDDLE_HAND_2		27
CHARACTER_135_MIDDLE_MOUSE_1		28
CHARACTER_135_MIDDLE_MOUSE_2		29
CHARACTER_135_MIDDLE_MOUSE_SWING	30

CHARACTER_180_LOW_HAND_1		5
CHARACTER_180_LOW_HAND_2		6
CHARACTER_315_FILL_BOTTLE_1		7
CHARACTER_315_FILL_BOTTLE_2		8
CHARACTER_315_FILL_BOTTLE_3		9
CHARACTER_090_POUR_BOTTLE_1		10
CHARACTER_090_POUR_BOTTLE_2		11
CHARACTER_090_POUR_BOTTLE_3		12
CHARACTER_045_LOW_HAND_1		13
CHARACTER_045_LOW_HAND_2		14
CHARACTER_135_LOW_HAND_1		15
CHARACTER_135_LOW_HAND_2		16
CHARACTER_045_PULL_DOOR			17
CHARACTER_135_CLIMB			18
CHARACTER_090_HIGH_HAND_PRIM_1		19
CHARACTER_090_HIGH_HAND_PRIM_2		20
CHARACTER_090_DUCK_1			21
CHARACTER_090_DUCK_2			22
CHARACTER_090_DUCKED			23
CHARACTER_270_COMBINE_PRIM_1		24
CHARACTER_270_COMBINE_PRIM_2		25
CHARACTER_270_COMBINE_PRIM_3		26
CHARACTER_000_HIGH_HAND_1		27
CHARACTER_000_HIGH_HAND_2		28
CHARACTER_000_THROW_1			29
CHARACTER_000_THROW_2			30
CHARACTER_000_THROW_3			31
CHARACTER_180_HIGH_HAND_1               32
CHARACTER_180_HIGH_HAND_2               33
CHARACTER_180_LOW_HAND_PRIM_1		34
CHARACTER_180_LOW_HAND_PRIM_2		35
CHARACTER_180_LOW_HAND_PRIM_3		36
CHARACTER_045_KNEE_1			37
CHARACTER_045_KNEE_2			38
CHARACTER_045_KNEE_3			39
CHARACTER_045_KICK_1			40
CHARACTER_045_KICK_2			41
CHARACTER_045_KICK_3			42
CHARACTER_315_POUR_PRIM_1		43
CHARACTER_315_POUR_PRIM_2		44
CHARACTER_315_POUR_PRIM_3		45

CHARACTER_000_SIT			5
CHARACTER_000_SIT_AND_TALK		6
CHARACTER_000_SIT_STAND			7
CHARACTER_135_LOW_DRINK_1		8
CHARACTER_135_LOW_DRINK_2		9
CHARACTER_135_LOW_DRINK_3		10
CHARACTER_XXX_DRUNK			11
CHARACTER_135_HALF_LOW_HAND_1		12
CHARACTER_135_HALF_LOW_HAND_2		13
CHARACTER_135_HALF_LOW_HAND_3		14
CHARACTER_TAKE_HAMMER_1			15
CHARACTER_TAKE_HAMMER_2			16
CHARACTER_TAKE_SAW_1			17
CHARACTER_TAKE_SAW_2			18
CHARACTER_TAKE_SPADE_1			19
CHARACTER_TAKE_SPADE_2			20
CHARACTER_OPEN_GATE1			21
CHARACTER_270_COMBINE_PRIM_PRIM_1	22
CHARACTER_270_COMBINE_PRIM_PRIM_2	23
CHARACTER_270_COMBINE_PRIM_PRIM_3	24
CHARACTER_180_LOW_HAND_1_PRIM		25
CHARACTER_180_LOW_HAND_2_PRIM		26
CHARACTER_OPEN_GATE2			27
CHARACTER_OPEN_GATE3			28

MUSIC_STREET				1
MUSIC_SHOP				2
MUSIC_MAFIA				3
MUSIC_BAR				4
MUSIC_FABRIKA_OUTSIDE			5
MUSIC_FABRIKA_INSIDE			6
MUSIC_CELLAR				7
MUSIC_FOREST				8
MUSIC_OUTRO				9