animation_block
# x un y ofseti
0
0
# total frames & speed
49
7
# has color key & its value
0
0
# has alpha & its value
1
-1
# image files
"gfx\scene\bar_inside\pour\pour0000.png"
"gfx\scene\bar_inside\pour\pour0001.png"
"gfx\scene\bar_inside\pour\pour0002.png"
"gfx\scene\bar_inside\pour\pour0003.png"
"gfx\scene\bar_inside\pour\pour0004.png"
"gfx\scene\bar_inside\pour\pour0005.png"
"gfx\scene\bar_inside\pour\pour0006.png"
"gfx\scene\bar_inside\pour\pour0007.png"
"gfx\scene\bar_inside\pour\pour0008.png"

"gfx\scene\bar_inside\pour\pour0009.png"
"gfx\scene\bar_inside\pour\pour0010.png"
"gfx\scene\bar_inside\pour\pour0011.png"
"gfx\scene\bar_inside\pour\pour0012.png"
"gfx\scene\bar_inside\pour\pour0013.png"
"gfx\scene\bar_inside\pour\pour0014.png"
"gfx\scene\bar_inside\pour\pour0015.png"
"gfx\scene\bar_inside\pour\pour0016.png"

"gfx\scene\bar_inside\pour\pour0009.png"
"gfx\scene\bar_inside\pour\pour0010.png"
"gfx\scene\bar_inside\pour\pour0011.png"
"gfx\scene\bar_inside\pour\pour0012.png"
"gfx\scene\bar_inside\pour\pour0013.png"
"gfx\scene\bar_inside\pour\pour0014.png"
"gfx\scene\bar_inside\pour\pour0015.png"
"gfx\scene\bar_inside\pour\pour0016.png"

"gfx\scene\bar_inside\pour\pour0009.png"
"gfx\scene\bar_inside\pour\pour0010.png"
"gfx\scene\bar_inside\pour\pour0011.png"
"gfx\scene\bar_inside\pour\pour0012.png"
"gfx\scene\bar_inside\pour\pour0013.png"
"gfx\scene\bar_inside\pour\pour0014.png"
"gfx\scene\bar_inside\pour\pour0015.png"
"gfx\scene\bar_inside\pour\pour0016.png"

"gfx\scene\bar_inside\pour\pour0009.png"
"gfx\scene\bar_inside\pour\pour0010.png"
"gfx\scene\bar_inside\pour\pour0011.png"
"gfx\scene\bar_inside\pour\pour0012.png"
"gfx\scene\bar_inside\pour\pour0013.png"
"gfx\scene\bar_inside\pour\pour0014.png"
"gfx\scene\bar_inside\pour\pour0015.png"
"gfx\scene\bar_inside\pour\pour0016.png"

"gfx\scene\bar_inside\pour\pour0017.png"
"gfx\scene\bar_inside\pour\pour0018.png"
"gfx\scene\bar_inside\pour\pour0019.png"
"gfx\scene\bar_inside\pour\pour0020.png"
"gfx\scene\bar_inside\pour\pour0021.png"
"gfx\scene\bar_inside\pour\pour0022.png"
"gfx\scene\bar_inside\pour\pour0023.png"
"gfx\scene\bar_inside\pour\pour0024.png"
end_animation_block
